Mapping statistics

tp183380@cpu-node-5:~/finalexam$ samtools flagstat BearPaw1_sorted.bam
15802 + 0 in total (QC-passed reads + QC-failed reads)
15802 + 0 primary
0 + 0 secondary
0 + 0 supplementary
0 + 0 duplicates
0 + 0 primary duplicates
1092 + 0 mapped (6.91% : N/A)
1092 + 0 primary mapped (6.91% : N/A)
0 + 0 paired in sequencing
0 + 0 read1
0 + 0 read2
0 + 0 properly paired (N/A : N/A)
0 + 0 with itself and mate mapped
0 + 0 singletons (N/A : N/A)
0 + 0 with mate mapped to a different chr
0 + 0 with mate mapped to a different chr (mapQ>=5)

tp183380@cpu-node-5:~/finalexam$ samtools flagstat BearPaw2_sorted.bam
15754 + 0 in total (QC-passed reads + QC-failed reads)
15754 + 0 primary
0 + 0 secondary
0 + 0 supplementary
0 + 0 duplicates
0 + 0 primary duplicates
1144 + 0 mapped (7.26% : N/A)
1144 + 0 primary mapped (7.26% : N/A)
0 + 0 paired in sequencing
0 + 0 read1
0 + 0 read2
0 + 0 properly paired (N/A : N/A)
0 + 0 with itself and mate mapped
0 + 0 singletons (N/A : N/A)
0 + 0 with mate mapped to a different chr
0 + 0 with mate mapped to a different chr (mapQ>=5)

tp183380@cpu-node-5:~/finalexam$ samtools flagstat BearPaw3_sorted.bam
15314 + 0 in total (QC-passed reads + QC-failed reads)
15314 + 0 primary
0 + 0 secondary
0 + 0 supplementary
0 + 0 duplicates
0 + 0 primary duplicates
1192 + 0 mapped (7.78% : N/A)
1192 + 0 primary mapped (7.78% : N/A)
0 + 0 paired in sequencing
0 + 0 read1
0 + 0 read2
0 + 0 properly paired (N/A : N/A)
0 + 0 with itself and mate mapped
0 + 0 singletons (N/A : N/A)
0 + 0 with mate mapped to a different chr
0 + 0 with mate mapped to a different chr (mapQ>=5)

tp183380@cpu-node-5:~/finalexam$ samtools flagstat BearPaw4_sorted.bam
23119 + 0 in total (QC-passed reads + QC-failed reads)
23119 + 0 primary
0 + 0 secondary
0 + 0 supplementary
0 + 0 duplicates
0 + 0 primary duplicates
1685 + 0 mapped (7.29% : N/A)
1685 + 0 primary mapped (7.29% : N/A)
0 + 0 paired in sequencing
0 + 0 read1
0 + 0 read2
0 + 0 properly paired (N/A : N/A)
0 + 0 with itself and mate mapped
0 + 0 singletons (N/A : N/A)
0 + 0 with mate mapped to a different chr
0 + 0 with mate mapped to a different chr (mapQ>=5)

tp183380@cpu-node-5:~/finalexam$ samtools flagstat BearPaw5_sorted.bam
24149 + 0 in total (QC-passed reads + QC-failed reads)
24149 + 0 primary
0 + 0 secondary
0 + 0 supplementary
0 + 0 duplicates
0 + 0 primary duplicates
1769 + 0 mapped (7.33% : N/A)
1769 + 0 primary mapped (7.33% : N/A)
0 + 0 paired in sequencing
0 + 0 read1
0 + 0 read2
0 + 0 properly paired (N/A : N/A)
0 + 0 with itself and mate mapped
0 + 0 singletons (N/A : N/A)
0 + 0 with mate mapped to a different chr
0 + 0 with mate mapped to a different chr (mapQ>=5)

tp183380@cpu-node-5:~/finalexam$ samtools flagstat BearPaw6_sorted.bam
67266 + 0 in total (QC-passed reads + QC-failed reads)
67266 + 0 primary
0 + 0 secondary
0 + 0 supplementary
0 + 0 duplicates
0 + 0 primary duplicates
5413 + 0 mapped (8.05% : N/A)
5413 + 0 primary mapped (8.05% : N/A)
0 + 0 paired in sequencing
0 + 0 read1
0 + 0 read2
0 + 0 properly paired (N/A : N/A)
0 + 0 with itself and mate mapped
0 + 0 singletons (N/A : N/A)
0 + 0 with mate mapped to a different chr
0 + 0 with mate mapped to a different chr (mapQ>=5)

tp183380@cpu-node-5:~/finalexam$ samtools flagstat BearPaw7_sorted.bam
44927 + 0 in total (QC-passed reads + QC-failed reads)
44927 + 0 primary
0 + 0 secondary
0 + 0 supplementary
0 + 0 duplicates
0 + 0 primary duplicates
3389 + 0 mapped (7.54% : N/A)
3389 + 0 primary mapped (7.54% : N/A)
0 + 0 paired in sequencing
0 + 0 read1
0 + 0 read2
0 + 0 properly paired (N/A : N/A)
0 + 0 with itself and mate mapped
0 + 0 singletons (N/A : N/A)
0 + 0 with mate mapped to a different chr
0 + 0 with mate mapped to a different chr (mapQ>=5)

tp183380@cpu-node-5:~/finalexam$ samtools flagstat BearPaw8_sorted.bam
68112 + 0 in total (QC-passed reads + QC-failed reads)
68112 + 0 primary
0 + 0 secondary
0 + 0 supplementary
0 + 0 duplicates
0 + 0 primary duplicates
5576 + 0 mapped (8.19% : N/A)
5576 + 0 primary mapped (8.19% : N/A)
0 + 0 paired in sequencing
0 + 0 read1
0 + 0 read2
0 + 0 properly paired (N/A : N/A)
0 + 0 with itself and mate mapped
0 + 0 singletons (N/A : N/A)
0 + 0 with mate mapped to a different chr
0 + 0 with mate mapped to a different chr (mapQ>=5)

tp183380@cpu-node-5:~/finalexam$ samtools flagstat RabbitSlough1_sorted.bam
37965 + 0 in total (QC-passed reads + QC-failed reads)
37965 + 0 primary
0 + 0 secondary
0 + 0 supplementary
0 + 0 duplicates
0 + 0 primary duplicates
2873 + 0 mapped (7.57% : N/A)
2873 + 0 primary mapped (7.57% : N/A)
0 + 0 paired in sequencing
0 + 0 read1
0 + 0 read2
0 + 0 properly paired (N/A : N/A)
0 + 0 with itself and mate mapped
0 + 0 singletons (N/A : N/A)
0 + 0 with mate mapped to a different chr
0 + 0 with mate mapped to a different chr (mapQ>=5)

tp183380@cpu-node-5:~/finalexam$ samtools flagstat RabbitSlough2_sorted.bam
92388 + 0 in total (QC-passed reads + QC-failed reads)
92388 + 0 primary
0 + 0 secondary
0 + 0 supplementary
0 + 0 duplicates
0 + 0 primary duplicates
6791 + 0 mapped (7.35% : N/A)
6791 + 0 primary mapped (7.35% : N/A)
0 + 0 paired in sequencing
0 + 0 read1
0 + 0 read2
0 + 0 properly paired (N/A : N/A)
0 + 0 with itself and mate mapped
0 + 0 singletons (N/A : N/A)
0 + 0 with mate mapped to a different chr
0 + 0 with mate mapped to a different chr (mapQ>=5)

tp183380@cpu-node-5:~/finalexam$ samtools flagstat RabbitSlough3_sorted.bam
34596 + 0 in total (QC-passed reads + QC-failed reads)
34596 + 0 primary
0 + 0 secondary
0 + 0 supplementary
0 + 0 duplicates
0 + 0 primary duplicates
2588 + 0 mapped (7.48% : N/A)
2588 + 0 primary mapped (7.48% : N/A)
0 + 0 paired in sequencing
0 + 0 read1
0 + 0 read2
0 + 0 properly paired (N/A : N/A)
0 + 0 with itself and mate mapped
0 + 0 singletons (N/A : N/A)
0 + 0 with mate mapped to a different chr
0 + 0 with mate mapped to a different chr (mapQ>=5)

tp183380@cpu-node-5:~/finalexam$ samtools flagstat RabbitSlough4_sorted.bam
34087 + 0 in total (QC-passed reads + QC-failed reads)
34087 + 0 primary
0 + 0 secondary
0 + 0 supplementary
0 + 0 duplicates
0 + 0 primary duplicates
2440 + 0 mapped (7.16% : N/A)
2440 + 0 primary mapped (7.16% : N/A)
0 + 0 paired in sequencing
0 + 0 read1
0 + 0 read2
0 + 0 properly paired (N/A : N/A)
0 + 0 with itself and mate mapped
0 + 0 singletons (N/A : N/A)
0 + 0 with mate mapped to a different chr
0 + 0 with mate mapped to a different chr (mapQ>=5)

tp183380@cpu-node-5:~/finalexam$ samtools flagstat RabbitSlough5_sorted.bam
136019 + 0 in total (QC-passed reads + QC-failed reads)
136019 + 0 primary
0 + 0 secondary
0 + 0 supplementary
0 + 0 duplicates
0 + 0 primary duplicates
9453 + 0 mapped (6.95% : N/A)
9453 + 0 primary mapped (6.95% : N/A)
0 + 0 paired in sequencing
0 + 0 read1
0 + 0 read2
0 + 0 properly paired (N/A : N/A)
0 + 0 with itself and mate mapped
0 + 0 singletons (N/A : N/A)
0 + 0 with mate mapped to a different chr
0 + 0 with mate mapped to a different chr (mapQ>=5)

tp183380@cpu-node-5:~/finalexam$ samtools flagstat RabbitSlough6_sorted.bam
64961 + 0 in total (QC-passed reads + QC-failed reads)
64961 + 0 primary
0 + 0 secondary
0 + 0 supplementary
0 + 0 duplicates
0 + 0 primary duplicates
4862 + 0 mapped (7.48% : N/A)
4862 + 0 primary mapped (7.48% : N/A)
0 + 0 paired in sequencing
0 + 0 read1
0 + 0 read2
0 + 0 properly paired (N/A : N/A)
0 + 0 with itself and mate mapped
0 + 0 singletons (N/A : N/A)
0 + 0 with mate mapped to a different chr
0 + 0 with mate mapped to a different chr (mapQ>=5)

tp183380@cpu-node-5:~/finalexam$ samtools flagstat RabbitSlough7_sorted.bam
98983 + 0 in total (QC-passed reads + QC-failed reads)
98983 + 0 primary
0 + 0 secondary
0 + 0 supplementary
0 + 0 duplicates
0 + 0 primary duplicates
7264 + 0 mapped (7.34% : N/A)
7264 + 0 primary mapped (7.34% : N/A)
0 + 0 paired in sequencing
0 + 0 read1
0 + 0 read2
0 + 0 properly paired (N/A : N/A)
0 + 0 with itself and mate mapped
0 + 0 singletons (N/A : N/A)
0 + 0 with mate mapped to a different chr
0 + 0 with mate mapped to a different chr (mapQ>=5)

tp183380@cpu-node-5:~/finalexam$ samtools flagstat RabbitSlough8_sorted.bam
55038 + 0 in total (QC-passed reads + QC-failed reads)
55038 + 0 primary
0 + 0 secondary
0 + 0 supplementary
0 + 0 duplicates
0 + 0 primary duplicates
4100 + 0 mapped (7.45% : N/A)
4100 + 0 primary mapped (7.45% : N/A)
0 + 0 paired in sequencing
0 + 0 read1
0 + 0 read2
0 + 0 properly paired (N/A : N/A)
0 + 0 with itself and mate mapped
0 + 0 singletons (N/A : N/A)
0 + 0 with mate mapped to a different chr
0 + 0 with mate mapped to a different chr (mapQ>=5)
tp183380@cpu-node-5:~/finalexam$ ^C
tp183380@cpu-node-5:~/finalexam$ faidx Reference_genome_chrI.fasta 
